( (Right (1))
, ({ tally: ({ BStep causes ({ cpu: 4270000
| mem: 610
})
| BBuiltinApp LessThanEqInteger causes ({ cpu: 816637
| mem: 1000000
})
| BBuiltinApp IfThenElse causes ({ cpu: 0
| mem: 0
})
| BStartup causes ({ cpu: 50000000
| mem: 0
})})
| budget: ({ cpu: 55086637
| mem: 1000610
})
}) )