( (Right (1))
, ({ tally: ({ BStep causes ({ cpu: 10990000
| mem: 1570
})
| BBuiltinApp AddInteger causes ({ cpu: 830210
| mem: 2000000
})
| BBuiltinApp SubtractInteger causes ({ cpu: 1794358
| mem: 4000000
})
| BBuiltinApp LessThanEqInteger causes ({ cpu: 2449911
| mem: 3000000
})
| BBuiltinApp IfThenElse causes ({ cpu: 0
| mem: 0
})
| BStartup causes ({ cpu: 50000000
| mem: 0
})})
| budget: ({ cpu: 66064479
| mem: 9001570
})
}) )