(delay (lam case_True_117 (lam case_False_118 case_True_117)))