(delay (lam case_True_32 (lam case_False_33 case_True_32)))