(delay (lam case_True_198 (lam case_False_199 case_True_198)))