(delay (lam case_True_176 (lam case_False_177 case_True_176)))