(delay (lam case_True_243 (lam case_False_244 case_True_243)))