(delay (lam case_True_175 (lam case_False_176 case_True_175)))