(delay (lam case_True_146 (lam case_False_147 case_True_146)))