(delay (lam case_True_147 (lam case_False_148 case_True_147)))