(delay (lam case_True_61 (lam case_False_62 case_True_61)))