(delay (lam case_True_91 (lam case_False_92 case_True_91)))