( (Right (delay (\z -> \f -> f (delay (\z -> \f -> f (delay (\z -> \f -> f (delay (\z -> \f -> f (delay (\z -> \f -> f (delay (\z -> \f -> f (delay (\z -> \f -> f (delay (\z -> \f -> f (delay (\z -> \f -> f (delay (\z -> \f -> f (delay (\z -> \f -> z)))))))))))))))))))))))
, ({ tally: ({ BStep causes ({ cpu: 32620000
| mem: 4660
})
| BBuiltinApp IfThenElse causes ({ cpu: 0
| mem: 0
})
| BStartup causes ({ cpu: 50000000
| mem: 0
})})
| budget: ({ cpu: 82620000
| mem: 4660
})
}) )