( (Right (delay (\z -> \f -> f (delay (\z -> \f -> f (delay (\z -> \f -> f (delay (\z -> \f -> f (delay (\z -> \f -> f (delay (\z -> \f -> f (delay (\z -> \f -> f (delay (\z -> \f -> f (delay (\z -> \f -> f (delay (\z -> \f -> f (delay (\z -> \f -> z)))))))))))))))))))))))
, ({ tally: ({ BStep causes ({ cpu: 29960000
| mem: 4280
})
| BBuiltinApp Id causes ({ cpu: 3
| mem: 0
})
| BStartup causes ({ cpu: 50000000
| mem: 0
})})
| budget: ({ cpu: 79960003
| mem: 4280
})
}) )