( (Right (delay (\z -> \f -> f (delay (\z -> \f -> f (delay (\z -> \f -> f (delay (\z -> \f -> f (delay (\z -> \f -> f (delay (\z -> \f -> f (delay (\z -> \f -> f (delay (\z -> \f -> f (delay (\z -> \f -> f (delay (\z -> \f -> f (delay (\z -> \f -> z)))))))))))))))))))))))
, ({ tally: ({ BStep causes ({ cpu: 30590000
| mem: 4370
})
| BBuiltinApp Id causes ({ cpu: 6
| mem: 0
})
| BStartup causes ({ cpu: 50000000
| mem: 0
})})
| budget: ({ cpu: 80590006
| mem: 4370
})
}) )