( (Right (2))
, ({ tally: ({ BStep causes ({ cpu: 17710000
| mem: 2530
})
| BBuiltinApp AddInteger causes ({ cpu: 1660420
| mem: 4000000
})
| BBuiltinApp SubtractInteger causes ({ cpu: 3588716
| mem: 8000000
})
| BBuiltinApp LessThanEqInteger causes ({ cpu: 4083185
| mem: 5000000
})
| BBuiltinApp IfThenElse causes ({ cpu: 0
| mem: 0
})
| BStartup causes ({ cpu: 50000000
| mem: 0
})})
| budget: ({ cpu: 77042321
| mem: 17002530
})
}) )